// Jest Snapshot v1, https://goo.gl/fbAQLP

exports[`Search component [snapshot] - should be able to render  1`] = `
<div>
  <form
    class="sc-AxirZ hvoVdz"
  >
    <input
      class="sc-AxiKw iculOt"
      name="search"
      placeholder="Nunca dejes de Buscar"
      required=""
      type="text"
      value=""
    />
    <button
      class="sc-AxhCb kBUfZc"
      type="submit"
    />
  </form>
</div>
`;
